// Jest Snapshot v1, https://goo.gl/fbAQLP

exports[`<MyButton /> just render with default props 1`] = `
<button
  className="btn btn-default"
  onClick={undefined}
/>
`;
